// Jest Snapshot v1, https://goo.gl/fbAQLP

exports[`<BalanceDlg /> renders dialog 1`] = `
<div
  className="modal__container"
>
  <div
    className="modal"
  >
    <div
      className="modal__header"
    >
      <span>
        Connect to Wallet
      </span>
      <div
        className="modal__close-btn"
        onClick={[Function]}
      >
        <i
          className="material-icons"
        >
          close
        </i>
      </div>
    </div>
    <div
      className="modal__content-balance"
    >
      <div
        className="row"
      >
        <div
          className="col-3"
        >
          <div
            className="label"
          >
            Wallet Address
          </div>
        </div>
        <div
          className="col-9"
        >
          <input
            onChange={[Function]}
            placeholder="Write address here"
            type="text"
            value=""
          />
        </div>
      </div>
      <div
        className="row"
      >
        <div
          className="col-3"
        >
          <div
            className="label"
          >
            Balance
          </div>
        </div>
        <div
          className="col-9"
        >
          <input
            disabled={true}
            placeholder="--"
            type="text"
            value=""
          />
          <span
            className="input-suffix"
          >
            ETH
          </span>
        </div>
      </div>
      <div
        className="row"
      >
        <div
          className="col-12"
        >
          <div
            className="btn"
            onClick={[Function]}
          >
            Get Balance
          </div>
        </div>
      </div>
    </div>
  </div>
</div>
`;
