// Jest Snapshot v1, https://goo.gl/fbAQLP

exports[`<CompanyLink /> renders link with selected state 1`] = `
<div
  className="nav__dropdown-menu-item company-item selected"
  onClick={[Function]}
>
  <span>
    company
  </span>
  <i
    className="material-icons"
  >
    check
  </i>
</div>
`;
